// Jest Snapshot v1, https://goo.gl/fbAQLP

exports[`<Highlight /> Should be render the heading 1`] = `
<main
  class=""
>
  <h1>
    Highlight
  </h1>
</main>
`;
